Reading package lists...
Building dependency tree...
Reading state information...
git is already the newest version (1:2.9.3-1ubuntu0.1).
0 upgraded, 0 newly installed, 0 to remove and 56 not upgraded.
